PDE: -E*Psi*r + (-0.5*Psi[x, x] - 0.5*Psi[y, y] - 0.5*Psi[z, z])*r - Psi

Loaded 29 Thomas cells from /tmp/hydrogen_thomas_converted.log
========================================================================

--- cell 1: zero {(none, generic)}; ansatz 9 eqs; 3 param-ineqs, 0 jet-ineqs; nontrivial ---
  system of equations:
    32*v1^3*c1 + 32*v1*v2^2*c1 + 32*v1*v3^2*c1 + 96*v1*v4^2*c1 - 64*E*v1*a1
    32*v1^2*v2*c1 + 32*v2^3*c1 + 32*v2*v3^2*c1 + 96*v2*v4^2*c1 - 64*E*v2*a1
    128*v1*v2*v4*c1
    64*v2*v4*c0 - 64*v2*a1
    32*v1^3*b1 + 32*v1*v2^2*b1 + 32*v1*v3^2*b1 + 96*v1*v4^2*b1
    32*v1^2*v2*b1 + 32*v2^3*b1 + 32*v2*v3^2*b1 + 96*v2*v4^2*b1
    32*v1^2*c0 + 32*v2^2*c0 + 32*v3^2*c0 + 32*v4^2*c0 - 64*E*a0 - 64*v4*a1
    128*v1*v3*v4*c1
    -64*v2*v4*a1 + 64*v2*v4*b0
    128*v1^2*v4*c1 + 128*v2^2*v4*c1 + 64*v3^2*v4*c1 + 64*v4^3*c1 - 128*E*v4*a1
    128*v1^2*v4*c1 + 64*v2^2*v4*c1 + 128*v3^2*v4*c1 + 64*v4^3*c1 - 128*E*v4*a1
    64*v1^2*v4*c1 + 128*v2^2*v4*c1 + 128*v3^2*v4*c1 + 64*v4^3*c1 - 128*E*v4*a1
    96*v1^2*v4*b1 + 32*v2^2*v4*b1 + 32*v3^2*v4*b1 + 32*v4^3*b1
    128*v1^2*v4*b1 + 128*v2^2*v4*b1 + 64*v3^2*v4*b1 + 64*v4^3*b1
    32*v1^2*v4*b1 + 96*v2^2*v4*b1 + 32*v3^2*v4*b1 + 32*v4^3*b1
    128*v1^2*v4*b1 + 64*v2^2*v4*b1 + 128*v3^2*v4*b1 + 64*v4^3*b1
    64*v1^2*v4*b1 + 128*v2^2*v4*b1 + 128*v3^2*v4*b1 + 64*v4^3*b1
    32*v1^2*v4*b1 + 32*v2^2*v4*b1 + 96*v3^2*v4*b1 + 32*v4^3*b1
    128*v2*v3*v4*b1
    32*v1^2*v3*c1 + 32*v2^2*v3*c1 + 32*v3^3*c1 + 96*v3*v4^2*c1 - 64*E*v3*a1
    128*v2*v3*v4*c1
    64*v3*v4*c0 - 64*v3*a1
    32*v1^2*v3*b1 + 32*v2^2*v3*b1 + 32*v3^3*b1 + 96*v3*v4^2*b1
    -64*a0
    128*v1*v2*v4*b1
    -64*v1*v4*a1 + 64*v1*v4*b0
    -64*v4*a0
    128*v1*v3*v4*b1
    96*v1^2*v4*c1 + 32*v2^2*v4*c1 + 32*v3^2*v4*c1 + 32*v4^3*c1 - 64*E*v4*a1
    32*v1^2*v4*c1 + 96*v2^2*v4*c1 + 32*v3^2*v4*c1 + 32*v4^3*c1 - 64*E*v4*a1
    32*v1^2*v4*c1 + 32*v2^2*v4*c1 + 96*v3^2*v4*c1 + 32*v4^3*c1 - 64*E*v4*a1
    -64*v3*v4*a1 + 64*v3*v4*b0
    -64*v4^2*a1 + 32*v1^2*b0 + 32*v2^2*b0 + 32*v3^2*b0 + 32*v4^2*b0
    64*v1*v4*c0 - 64*v1*a1
   V: Ideal (v4*c0 - b0, E*c0 - v4*c1, -v4^2*c1 + E*b0, b1, a1 - 1/2*b0, a0, v3, v2, v1) of Multivariate Polynomial Ring in x, y, z, DDPsi, DPsi, Psi, v, r, E, v1, v2, v3, v4, a0, a1, b0, b1, c0, c1 over Rational Field 
   V: Ideal (v4*c0 - b0, v1^2 + v2^2 + v3^2 - v4^2, c1, b1, a1 - b0, a0, E) of Multivariate Polynomial Ring in x, y, z, DDPsi, DPsi, Psi, v, r, E, v1, v2, v3, v4, a0, a1, b0, b1, c0, c1 over Rational Field 

--- cell 2: zero {v4}; ansatz 9 eqs; 2 param-ineqs, 0 jet-ineqs; nontrivial ---
  system of equations:
    -a0
    -v1*a1
    1/2*v1^3*c1 + 1/2*v1*v2^2*c1 + 1/2*v1*v3^2*c1 - E*v1*a1
    1/2*v1^3*b1 + 1/2*v1*v2^2*b1 + 1/2*v1*v3^2*b1
    -v2*a1
    1/2*v1^2*v3*b1 + 1/2*v2^2*v3*b1 + 1/2*v3^3*b1
    1/2*v1^2*v3*c1 + 1/2*v2^2*v3*c1 + 1/2*v3^3*c1 - E*v3*a1
    1/2*v1^2*c0 + 1/2*v2^2*c0 + 1/2*v3^2*c0 - E*a0
    -v3*a1
    1/2*v1^2*v2*b1 + 1/2*v2^3*b1 + 1/2*v2*v3^2*b1
    1/2*v1^2*b0 + 1/2*v2^2*b0 + 1/2*v3^2*b0
    1/2*v1^2*v2*c1 + 1/2*v2^3*c1 + 1/2*v2*v3^2*c1 - E*v2*a1
  surviving solution varieties: NONE (all pruned by inequations / empty)

--- cell 3: zero {a1}; ansatz 9 eqs; 1 param-ineqs, 0 jet-ineqs; nontrivial ---
  system of equations:
    96*v1^2*v4*c1 + 32*v2^2*v4*c1 + 32*v3^2*v4*c1 + 32*v4^3*c1
    128*v1^2*v4*c1 + 128*v2^2*v4*c1 + 64*v3^2*v4*c1 + 64*v4^3*c1
    32*v1^2*v4*c1 + 96*v2^2*v4*c1 + 32*v3^2*v4*c1 + 32*v4^3*c1
    128*v1^2*v4*c1 + 64*v2^2*v4*c1 + 128*v3^2*v4*c1 + 64*v4^3*c1
    64*v1^2*v4*c1 + 128*v2^2*v4*c1 + 128*v3^2*v4*c1 + 64*v4^3*c1
    32*v1^2*v4*c1 + 32*v2^2*v4*c1 + 96*v3^2*v4*c1 + 32*v4^3*c1
    64*v2*v4*b0
    64*v1*v4*c0
    128*v1*v2*v4*c1
    64*v1*v4*b0
    32*v1^3*b1 + 32*v1*v2^2*b1 + 32*v1*v3^2*b1 + 96*v1*v4^2*b1
    64*v2*v4*c0
    32*v1^2*v2*b1 + 32*v2^3*b1 + 32*v2*v3^2*b1 + 96*v2*v4^2*b1
    128*v1*v3*v4*c1
    32*v1^3*c1 + 32*v1*v2^2*c1 + 32*v1*v3^2*c1 + 96*v1*v4^2*c1
    64*v3*v4*c0
    96*v1^2*v4*b1 + 32*v2^2*v4*b1 + 32*v3^2*v4*b1 + 32*v4^3*b1
    128*v1^2*v4*b1 + 128*v2^2*v4*b1 + 64*v3^2*v4*b1 + 64*v4^3*b1
    32*v1^2*v4*b1 + 96*v2^2*v4*b1 + 32*v3^2*v4*b1 + 32*v4^3*b1
    128*v1^2*v4*b1 + 64*v2^2*v4*b1 + 128*v3^2*v4*b1 + 64*v4^3*b1
    64*v1^2*v4*b1 + 128*v2^2*v4*b1 + 128*v3^2*v4*b1 + 64*v4^3*b1
    32*v1^2*v4*b1 + 32*v2^2*v4*b1 + 96*v3^2*v4*b1 + 32*v4^3*b1
    128*v2*v3*v4*b1
    32*v1^2*b0 + 32*v2^2*b0 + 32*v3^2*b0 + 32*v4^2*b0
    128*v2*v3*v4*c1
    64*v3*v4*b0
    32*v1^2*v3*b1 + 32*v2^2*v3*b1 + 32*v3^3*b1 + 96*v3*v4^2*b1
    -64*a0
    128*v1*v2*v4*b1
    32*v1^2*v3*c1 + 32*v2^2*v3*c1 + 32*v3^3*c1 + 96*v3*v4^2*c1
    -64*v4*a0
    32*v1^2*v2*c1 + 32*v2^3*c1 + 32*v2*v3^2*c1 + 96*v2*v4^2*c1
    128*v1*v3*v4*b1
    32*v1^2*c0 + 32*v2^2*c0 + 32*v3^2*c0 + 32*v4^2*c0 - 64*E*a0
  surviving solution varieties: NONE (all pruned by inequations / empty)

--- cell 4: zero {a0, v1, v2, v3, v4}; ansatz 9 eqs; 2 param-ineqs, 0 jet-ineqs; nontrivial ---
  system of equations:
    -E
    -1
  surviving solution varieties: NONE (all pruned by inequations / empty)

--- cell 5: zero {a0, b0, v1, v2, v3, v4}; ansatz 9 eqs; 2 param-ineqs, 0 jet-ineqs; nontrivial ---
  system of equations:
    -E
    -1
  surviving solution varieties: NONE (all pruned by inequations / empty)

--- cell 6: zero {a0, b0, c0, v1, v2, v3, v4}; ansatz 9 eqs; 3 param-ineqs, 1 jet-ineqs; nontrivial ---
  system of equations:
    -E
    -1
  surviving solution varieties: NONE (all pruned by inequations / empty)

--- cell 7: zero {a0, b0, c0, c1, v1, v2, v3, v4}; ansatz 9 eqs; 2 param-ineqs, 1 jet-ineqs; nontrivial ---
  system of equations:
    -E
    -1
  surviving solution varieties: NONE (all pruned by inequations / empty)

--- cell 8: zero {a0, b0, b1, v1, v2, v3, v4}; ansatz 9 eqs; 1 param-ineqs, 0 jet-ineqs; nontrivial ---
  system of equations:
    -E
    -1
  surviving solution varieties: NONE (all pruned by inequations / empty)

--- cell 9: zero {a0, b0, b1, c0, v1, v2, v3, v4}; ansatz 9 eqs; 2 param-ineqs, 1 jet-ineqs; nontrivial ---
  system of equations:
    -E
    -1
  surviving solution varieties: NONE (all pruned by inequations / empty)

--- cell 10: zero {a0, b0, b1, c0, c1, v1, v2, v3, v4}; ansatz 9 eqs; 1 param-ineqs, 1 jet-ineqs; nontrivial ---
  system of equations:
    -E
    -1
  surviving solution varieties: NONE (all pruned by inequations / empty)

--- cell 11: zero {a0, a1, v4}; ansatz 9 eqs; 2 param-ineqs, 0 jet-ineqs; nontrivial ---
  system of equations:
    -1/2*v1^2*v3^2*c1^2 - 1/2*v2^2*v3^2*c1^2 - 1/2*v3^4*c1^2 - E*v3^2*b1^2
    -v1^2*v2*v3*c1^2 - v2^3*v3*c1^2 - v2*v3^3*c1^2 - 2*E*v2*v3*b1^2
    -v1^3*v2*c1^2 - v1*v2^3*c1^2 - v1*v2*v3^2*c1^2 - 2*E*v1*v2*b1^2
    -v1^3*v3*c1^2 - v1*v2^2*v3*c1^2 - v1*v3^3*c1^2 - 2*E*v1*v3*b1^2
    -b0^2
    -1/2*v1^4*c1^2 - 1/2*v1^2*v2^2*c1^2 - 1/2*v1^2*v3^2*c1^2 - E*v1^2*b1^2
    -1/2*v1^2*v2^2*c1^2 - 1/2*v2^4*c1^2 - 1/2*v2^2*v3^2*c1^2 - E*v2^2*b1^2
    -2*v1*v3*b1^2
    -1/2*v1^2*b1*c0 - 1/2*v2^2*b1*c0 - 1/2*v3^2*b1*c0 - 1/2*v1^2*c0^2 - 1/2*v2^2*c0^2 - 1/2*v3^2*c0^2 + 1/2*v1^2*b0*c1 + 1/2*v2^2*b0*c1 + 1/2*v3^2*b0*c1 - E*b0^2
    -2*v3*b0*b1
    -v2^2*b1^2
    -2*v2*b0*b1
    -2*v1*v2*b1^2
    -v1^2*v2*c0*c1 - v2^3*c0*c1 - v2*v3^2*c0*c1 - 2*E*v2*b0*b1
    -v1^3*c0*c1 - v1*v2^2*c0*c1 - v1*v3^2*c0*c1 - 2*E*v1*b0*b1
    -2*v1*b0*b1
    -2*v2*v3*b1^2
    -v3^2*b1^2
    -v1^2*b1^2
    -v1^2*v3*c0*c1 - v2^2*v3*c0*c1 - v3^3*c0*c1 - 2*E*v3*b0*b1
  surviving solution varieties: NONE (all pruned by inequations / empty)

--- cell 12: zero {a0, a1, b1, v4}; ansatz 9 eqs; 1 param-ineqs, 0 jet-ineqs; nontrivial ---
  system of equations:
    -1/2*v1^4*c1^2 - 1/2*v1^2*v2^2*c1^2 - 1/2*v1^2*v3^2*c1^2
    -v1^2*v2*c0*c1 - v2^3*c0*c1 - v2*v3^2*c0*c1
    -v1^2*v2*v3*c1^2 - v2^3*v3*c1^2 - v2*v3^3*c1^2
    -1/2*v1^2*v3^2*c1^2 - 1/2*v2^2*v3^2*c1^2 - 1/2*v3^4*c1^2
    -b0^2
    -v1^2*v3*c0*c1 - v2^2*v3*c0*c1 - v3^3*c0*c1
    -v1^3*c0*c1 - v1*v2^2*c0*c1 - v1*v3^2*c0*c1
    -v1^3*v3*c1^2 - v1*v2^2*v3*c1^2 - v1*v3^3*c1^2
    -1/2*v1^2*v2^2*c1^2 - 1/2*v2^4*c1^2 - 1/2*v2^2*v3^2*c1^2
    -1/2*v1^2*c0^2 - 1/2*v2^2*c0^2 - 1/2*v3^2*c0^2 + 1/2*v1^2*b0*c1 + 1/2*v2^2*b0*c1 + 1/2*v3^2*b0*c1 - E*b0^2
    -v1^3*v2*c1^2 - v1*v2^3*c1^2 - v1*v2*v3^2*c1^2
  surviving solution varieties: NONE (all pruned by inequations / empty)

--- cell 13: zero {a0, a1, v1, v2, v3, v4}; ansatz 9 eqs; 1 param-ineqs, 1 jet-ineqs; nontrivial ---
  system of equations:
    -b0
    -E*b0
  surviving solution varieties: NONE (all pruned by inequations / empty)

--- cell 14: zero {a0, a1, b0, v1, v2, v3, v4}; ansatz 9 eqs; 1 param-ineqs, 0 jet-ineqs; nontrivial ---
  PDE reduces to 0: the whole stratum solves the PDE (nontrivially)
  system of equations:
   V: Ideal (b0, a1, a0, v4, v3, v2, v1) of Multivariate Polynomial Ring in x, y, z, DDPsi, DPsi, Psi, v, r, E, v1, v2, v3, v4, a0, a1, b0, b1, c0, c1 over Rational Field 

--- cell 15: zero {a0, a1, b0, c0, v1, v2, v3, v4}; ansatz 9 eqs; 2 param-ineqs, 1 jet-ineqs; nontrivial ---
  PDE reduces to 0: the whole stratum solves the PDE (nontrivially)
  system of equations:
   V: Ideal (c0, b0, a1, a0, v4, v3, v2, v1) of Multivariate Polynomial Ring in x, y, z, DDPsi, DPsi, Psi, v, r, E, v1, v2, v3, v4, a0, a1, b0, b1, c0, c1 over Rational Field 

--- cell 16: zero {a0, a1, b0, c0, c1, v1, v2, v3, v4}; ansatz 9 eqs; 1 param-ineqs, 1 jet-ineqs; nontrivial ---
  PDE reduces to 0: the whole stratum solves the PDE (nontrivially)
  system of equations:
   V: Ideal (c1, c0, b0, a1, a0, v4, v3, v2, v1) of Multivariate Polynomial Ring in x, y, z, DDPsi, DPsi, Psi, v, r, E, v1, v2, v3, v4, a0, a1, b0, b1, c0, c1 over Rational Field 

--- cell 17: zero {a0, a1, b0, b1, v4}; ansatz 9 eqs; 0 param-ineqs, 0 jet-ineqs; TRIVIAL (Psi==0 forced) ---
  system of equations:
   V: Ideal (b1, b0, a1, a0, v4) of Multivariate Polynomial Ring in x, y, z, DDPsi, DPsi, Psi, v, r, E, v1, v2, v3, v4, a0, a1, b0, b1, c0, c1 over Rational Field    [trivial Psi==0]

--- cell 18: zero {a0, a1, b0, b1, v1, v2, v3, v4}; ansatz 9 eqs; 0 param-ineqs, 1 jet-ineqs; TRIVIAL (Psi==0 forced) ---
  system of equations:
   V: Ideal (b1, b0, a1, a0, v4, v3, v2, v1) of Multivariate Polynomial Ring in x, y, z, DDPsi, DPsi, Psi, v, r, E, v1, v2, v3, v4, a0, a1, b0, b1, c0, c1 over Rational Field    [trivial Psi==0]

--- cell 19: zero {a0, a1, b0, b1, v1, v2, v3, v4}; ansatz 9 eqs; 0 param-ineqs, 1 jet-ineqs; TRIVIAL (Psi==0 forced) ---
  system of equations:
   V: Ideal (b1, b0, a1, a0, v4, v3, v2, v1) of Multivariate Polynomial Ring in x, y, z, DDPsi, DPsi, Psi, v, r, E, v1, v2, v3, v4, a0, a1, b0, b1, c0, c1 over Rational Field    [trivial Psi==0]

--- cell 20: zero {a0, a1, b0, b1, c0, v1, v2, v3, v4}; ansatz 9 eqs; 1 param-ineqs, 1 jet-ineqs; TRIVIAL (Psi==0 forced) ---
  system of equations:
   V: Ideal (c0, b1, b0, a1, a0, v4, v3, v2, v1) of Multivariate Polynomial Ring in x, y, z, DDPsi, DPsi, Psi, v, r, E, v1, v2, v3, v4, a0, a1, b0, b1, c0, c1 over Rational Field    [trivial Psi==0]

--- cell 21: zero {a0, a1, b0, b1, c0, c1, v4}; ansatz 8 eqs; 1 param-ineqs, 1 jet-ineqs; nontrivial ---
  system of equations:
    -E
    -1
    -1/2*v1^2 - 1/2*v2^2 - 1/2*v3^2
  surviving solution varieties: NONE (all pruned by inequations / empty)

--- cell 22: zero {a0, a1, b0, b1, c0, c1, v3, v4}; ansatz 8 eqs; 1 param-ineqs, 1 jet-ineqs; nontrivial ---
  system of equations:
    -1/2*v1^2 - 1/2*v2^2
    -E
    -1
  surviving solution varieties: NONE (all pruned by inequations / empty)

--- cell 23: zero {a0, a1, b0, b1, c0, c1, v2, v3, v4}; ansatz 8 eqs; 0 param-ineqs, 1 jet-ineqs; nontrivial ---
  system of equations:
    -1/2*v1^2
    -E
    -1
  surviving solution varieties: NONE (all pruned by inequations / empty)

--- cell 24: zero {a0, a1, b0, b1, c0, c1, v1, v2, v3, v4}; ansatz 8 eqs; 0 param-ineqs, 2 jet-ineqs; nontrivial ---
  system of equations:
    -E
    -1
  surviving solution varieties: NONE (all pruned by inequations / empty)

--- cell 25: zero {a0, a1, b0, b1, c0, c1, v1, v2, v3, v4}; ansatz 8 eqs; 0 param-ineqs, 2 jet-ineqs; nontrivial ---
  system of equations:
    -E
    -1
  surviving solution varieties: NONE (all pruned by inequations / empty)

--- cell 26: zero {a0, a1}; ansatz 9 eqs; 4 param-ineqs, 0 jet-ineqs; nontrivial ---
  system of equations:
    64*v1^2*v4*b1*c1 + 64*v2^2*v4*b1*c1 + 128*v4^3*b1*c1 - 256*v1^2*v4*c0*c1 - 256*v2^2*v4*c0*c1 - 128*v3^2*v4*c0*c1 - 128*v4^3*c0*c1 - 256*E*v4*b0*b1 - 64*v1^2*b1^2 - 64*v2^2*b1^2 - 128*v4^2*b1^2
    128*v1*v4^2*b1*c1 - 64*v1^3*c0*c1 - 64*v1*v2^2*c0*c1 - 64*v1*v3^2*c0*c1 - 192*v1*v4^2*c0*c1 - 128*E*v1*b0*b1 - 128*v1*v4*b1^2
    -256*v1^2*v2*v4*c1^2 - 64*v2^3*v4*c1^2 - 64*v2*v3^2*v4*c1^2 - 128*v2*v4^3*c1^2 - 128*E*v2*v4*b1^2
    -320*v1^2*v2*v4*c1^2 - 192*v2^3*v4*c1^2 - 128*v2*v3^2*v4*c1^2 - 256*v2*v4^3*c1^2 - 256*E*v2*v4*b1^2
    -64*v1^2*v2*v4*c1^2 - 128*v2^3*v4*c1^2 - 64*v2*v3^2*v4*c1^2 - 128*v2*v4^3*c1^2 - 128*E*v2*v4*b1^2
    -320*v1^2*v2*v4*c1^2 - 128*v2^3*v4*c1^2 - 320*v2*v3^2*v4*c1^2 - 256*v2*v4^3*c1^2 - 256*E*v2*v4*b1^2
    -128*v1^2*v2*v4*c1^2 - 192*v2^3*v4*c1^2 - 320*v2*v3^2*v4*c1^2 - 256*v2*v4^3*c1^2 - 256*E*v2*v4*b1^2
    -32*v1^2*v2^2*c1^2 - 32*v2^4*c1^2 - 32*v2^2*v3^2*c1^2 - 32*v1^2*v4^2*c1^2 - 192*v2^2*v4^2*c1^2 - 32*v3^2*v4^2*c1^2 - 32*v4^4*c1^2 - 64*E*v2^2*b1^2 - 64*E*v4^2*b1^2
    -64*v1^2*v2*v4*c1^2 - 64*v2^3*v4*c1^2 - 256*v2*v3^2*v4*c1^2 - 128*v2*v4^3*c1^2 - 128*E*v2*v4*b1^2
    128*v2*v3*v4*b1*c1 - 256*v2*v3*v4*c0*c1 - 128*v2*v3*b1^2
    -64*v1^2*v2*v3*c1^2 - 64*v2^3*v3*c1^2 - 64*v2*v3^3*c1^2 - 320*v2*v3*v4^2*c1^2 - 128*E*v2*v3*b1^2
    64*v2^2*v4*b1*c1 + 64*v3^2*v4*b1*c1 + 128*v4^3*b1*c1 - 128*v1^2*v4*c0*c1 - 256*v2^2*v4*c0*c1 - 256*v3^2*v4*c0*c1 - 128*v4^3*c0*c1 - 256*E*v4*b0*b1 - 64*v2^2*b1^2 - 64*v3^2*b1^2 - 128*v4^2*b1^2
    -256*v1^2*v3*v4*c1^2 - 64*v2^2*v3*v4*c1^2 - 64*v3^3*v4*c1^2 - 128*v3*v4^3*c1^2 - 128*E*v3*v4*b1^2
    -320*v1^2*v3*v4*c1^2 - 320*v2^2*v3*v4*c1^2 - 128*v3^3*v4*c1^2 - 256*v3*v4^3*c1^2 - 256*E*v3*v4*b1^2
    -32*v1^4*c1^2 - 32*v1^2*v2^2*c1^2 - 64*v1^2*v3^2*c1^2 - 32*v2^2*v3^2*c1^2 - 32*v3^4*c1^2 - 224*v1^2*v4^2*c1^2 - 64*v2^2*v4^2*c1^2 - 224*v3^2*v4^2*c1^2 - 64*v4^4*c1^2 - 64*E*v1^2*b1^2 - 64*E*v3^2*b1^2 - 128*E*v4^2*b1^2
    -32*v1^2*v3^2*c1^2 - 32*v2^2*v3^2*c1^2 - 32*v3^4*c1^2 - 32*v1^2*v4^2*c1^2 - 32*v2^2*v4^2*c1^2 - 192*v3^2*v4^2*c1^2 - 32*v4^4*c1^2 - 64*E*v3^2*b1^2 - 64*E*v4^2*b1^2
    -64*v1^2*v3*v4*c1^2 - 256*v2^2*v3*v4*c1^2 - 64*v3^3*v4*c1^2 - 128*v3*v4^3*c1^2 - 128*E*v3*v4*b1^2
    -320*v1^2*v3*v4*c1^2 - 128*v2^2*v3*v4*c1^2 - 192*v3^3*v4*c1^2 - 256*v3*v4^3*c1^2 - 256*E*v3*v4*b1^2
    -128*v1^2*v3*v4*c1^2 - 320*v2^2*v3*v4*c1^2 - 192*v3^3*v4*c1^2 - 256*v3*v4^3*c1^2 - 256*E*v3*v4*b1^2
    -64*v1^2*v3*v4*c1^2 - 64*v2^2*v3*v4*c1^2 - 128*v3^3*v4*c1^2 - 128*v3*v4^3*c1^2 - 128*E*v3*v4*b1^2
    128*v3*v4^2*b1*c1 - 64*v1^2*v3*c0*c1 - 64*v2^2*v3*c0*c1 - 64*v3^3*c0*c1 - 192*v3*v4^2*c0*c1 - 128*E*v3*b0*b1 - 128*v3*v4*b1^2
    -64*v2*v4*c0^2 + 128*v2*v4*b0*c1 - 128*v2*b0*b1
    -384*v1*v2*v3*v4*c1^2
    128*v2*v4^2*b1*c1 - 64*v1^2*v2*c0*c1 - 64*v2^3*c0*c1 - 64*v2*v3^2*c0*c1 - 192*v2*v4^2*c0*c1 - 128*E*v2*b0*b1 - 128*v2*v4*b1^2
    64*v1^2*v4*b1*c1 + 64*v4^3*b1*c1 - 192*v1^2*v4*c0*c1 - 64*v2^2*v4*c0*c1 - 64*v3^2*v4*c0*c1 - 64*v4^3*c0*c1 - 128*E*v4*b0*b1 - 64*v1^2*b1^2 - 64*v4^2*b1^2
    -64*v3*v4*c0^2 + 128*v3*v4*b0*c1 - 128*v3*b0*b1
    64*v4*b0*c0 - 64*b0^2
    -32*v1^4*c1^2 - 32*v1^2*v2^2*c1^2 - 32*v1^2*v3^2*c1^2 - 192*v1^2*v4^2*c1^2 - 32*v2^2*v4^2*c1^2 - 32*v3^2*v4^2*c1^2 - 32*v4^4*c1^2 - 64*E*v1^2*b1^2 - 64*E*v4^2*b1^2
    -32*v1^2*v2^2*c1^2 - 32*v2^4*c1^2 - 32*v1^2*v3^2*c1^2 - 64*v2^2*v3^2*c1^2 - 32*v3^4*c1^2 - 64*v1^2*v4^2*c1^2 - 224*v2^2*v4^2*c1^2 - 224*v3^2*v4^2*c1^2 - 64*v4^4*c1^2 - 64*E*v2^2*b1^2 - 64*E*v3^2*b1^2 - 128*E*v4^2*b1^2
    64*v3^2*v4*b1*c1 + 64*v4^3*b1*c1 - 64*v1^2*v4*c0*c1 - 64*v2^2*v4*c0*c1 - 192*v3^2*v4*c0*c1 - 64*v4^3*c0*c1 - 128*E*v4*b0*b1 - 64*v3^2*b1^2 - 64*v4^2*b1^2
    128*v1*v2*v4*b1*c1 - 256*v1*v2*v4*c0*c1 - 128*v1*v2*b1^2
    -64*v1^3*v4*c1^2 - 64*v1*v2^2*v4*c1^2 - 256*v1*v3^2*v4*c1^2 - 128*v1*v4^3*c1^2 - 128*E*v1*v4*b1^2
    -128*v1^3*v4*c1^2 - 64*v1*v2^2*v4*c1^2 - 64*v1*v3^2*v4*c1^2 - 128*v1*v4^3*c1^2 - 128*E*v1*v4*b1^2
    -192*v1^3*v4*c1^2 - 320*v1*v2^2*v4*c1^2 - 128*v1*v3^2*v4*c1^2 - 256*v1*v4^3*c1^2 - 256*E*v1*v4*b1^2
    -64*v1^3*v4*c1^2 - 256*v1*v2^2*v4*c1^2 - 64*v1*v3^2*v4*c1^2 - 128*v1*v4^3*c1^2 - 128*E*v1*v4*b1^2
    -128*v1^3*v4*c1^2 - 320*v1*v2^2*v4*c1^2 - 320*v1*v3^2*v4*c1^2 - 256*v1*v4^3*c1^2 - 256*E*v1*v4*b1^2
    -192*v1^3*v4*c1^2 - 128*v1*v2^2*v4*c1^2 - 320*v1*v3^2*v4*c1^2 - 256*v1*v4^3*c1^2 - 256*E*v1*v4*b1^2
    -64*v1^3*v2*c1^2 - 64*v1*v2^3*c1^2 - 64*v1*v2*v3^2*c1^2 - 320*v1*v2*v4^2*c1^2 - 128*E*v1*v2*b1^2
    128*v1*v3*v4*b1*c1 - 256*v1*v3*v4*c0*c1 - 128*v1*v3*b1^2
    64*v1^2*v4*b1*c1 + 64*v3^2*v4*b1*c1 + 128*v4^3*b1*c1 - 256*v1^2*v4*c0*c1 - 128*v2^2*v4*c0*c1 - 256*v3^2*v4*c0*c1 - 128*v4^3*c0*c1 - 256*E*v4*b0*b1 - 64*v1^2*b1^2 - 64*v3^2*b1^2 - 128*v4^2*b1^2
    -32*v1^2*b1*c0 - 32*v2^2*b1*c0 - 32*v3^2*b1*c0 + 32*v4^2*b1*c0 - 32*v1^2*c0^2 - 32*v2^2*c0^2 - 32*v3^2*c0^2 - 32*v4^2*c0^2 + 32*v1^2*b0*c1 + 32*v2^2*b0*c1 + 32*v3^2*b0*c1 + 96*v4^2*b0*c1 - 64*E*b0^2 - 128*v4*b0*b1
    -32*v1^4*c1^2 - 64*v1^2*v2^2*c1^2 - 32*v2^4*c1^2 - 32*v1^2*v3^2*c1^2 - 32*v2^2*v3^2*c1^2 - 224*v1^2*v4^2*c1^2 - 224*v2^2*v4^2*c1^2 - 64*v3^2*v4^2*c1^2 - 64*v4^4*c1^2 - 64*E*v1^2*b1^2 - 64*E*v2^2*b1^2 - 128*E*v4^2*b1^2
    -64*v1*v4*c0^2 + 128*v1*v4*b0*c1 - 128*v1*b0*b1
    64*v2^2*v4*b1*c1 + 64*v4^3*b1*c1 - 64*v1^2*v4*c0*c1 - 192*v2^2*v4*c0*c1 - 64*v3^2*v4*c0*c1 - 64*v4^3*c0*c1 - 128*E*v4*b0*b1 - 64*v2^2*b1^2 - 64*v4^2*b1^2
    -64*v1^3*v3*c1^2 - 64*v1*v2^2*v3*c1^2 - 64*v1*v3^3*c1^2 - 320*v1*v3*v4^2*c1^2 - 128*E*v1*v3*b1^2
   V: Ideal (-b1*c0 + b0*c1, v4*c1 - b1, v4*c0 - b0, a1, a0, v3, v2, v1, E + 1/2) of Multivariate Polynomial Ring in x, y, z, DDPsi, DPsi, Psi, v, r, E, v1, v2, v3, v4, a0, a1, b0, b1, c0, c1 over Rational Field 
   V: Ideal (c0^2 + 4*b0*c1, 4*v4*c1 + c0, v4*c0 - b0, b1 + 1/2*c0, a1, a0, v3, v2, v1, E + 1/8) of Multivariate Polynomial Ring in x, y, z, DDPsi, DPsi, Psi, v, r, E, v1, v2, v3, v4, a0, a1, b0, b1, c0, c1 over Rational Field 

--- cell 27: zero {a0, a1, b1}; ansatz 9 eqs; 3 param-ineqs, 0 jet-ineqs; nontrivial ---
  system of equations:
    -32*v1^2*v2^2*c1^2 - 32*v2^4*c1^2 - 32*v2^2*v3^2*c1^2 - 32*v1^2*v4^2*c1^2 - 192*v2^2*v4^2*c1^2 - 32*v3^2*v4^2*c1^2 - 32*v4^4*c1^2
    -32*v1^4*c1^2 - 64*v1^2*v2^2*c1^2 - 32*v2^4*c1^2 - 32*v1^2*v3^2*c1^2 - 32*v2^2*v3^2*c1^2 - 224*v1^2*v4^2*c1^2 - 224*v2^2*v4^2*c1^2 - 64*v3^2*v4^2*c1^2 - 64*v4^4*c1^2
    -64*v1^3*v3*c1^2 - 64*v1*v2^2*v3*c1^2 - 64*v1*v3^3*c1^2 - 320*v1*v3*v4^2*c1^2
    -64*v1^2*v3*c0*c1 - 64*v2^2*v3*c0*c1 - 64*v3^3*c0*c1 - 192*v3*v4^2*c0*c1
    -32*v1^2*v3^2*c1^2 - 32*v2^2*v3^2*c1^2 - 32*v3^4*c1^2 - 32*v1^2*v4^2*c1^2 - 32*v2^2*v4^2*c1^2 - 192*v3^2*v4^2*c1^2 - 32*v4^4*c1^2
    -64*v1^2*v2*v3*c1^2 - 64*v2^3*v3*c1^2 - 64*v2*v3^3*c1^2 - 320*v2*v3*v4^2*c1^2
    -384*v1*v2*v3*v4*c1^2
    -64*v1^3*v2*c1^2 - 64*v1*v2^3*c1^2 - 64*v1*v2*v3^2*c1^2 - 320*v1*v2*v4^2*c1^2
    -64*v2*v4*c0^2 + 128*v2*v4*b0*c1
    -32*v1^4*c1^2 - 32*v1^2*v2^2*c1^2 - 64*v1^2*v3^2*c1^2 - 32*v2^2*v3^2*c1^2 - 32*v3^4*c1^2 - 224*v1^2*v4^2*c1^2 - 64*v2^2*v4^2*c1^2 - 224*v3^2*v4^2*c1^2 - 64*v4^4*c1^2
    64*v4*b0*c0 - 64*b0^2
    -32*v1^2*c0^2 - 32*v2^2*c0^2 - 32*v3^2*c0^2 - 32*v4^2*c0^2 + 32*v1^2*b0*c1 + 32*v2^2*b0*c1 + 32*v3^2*b0*c1 + 96*v4^2*b0*c1 - 64*E*b0^2
    -256*v2*v3*v4*c0*c1
    -320*v1^2*v2*v4*c1^2 - 192*v2^3*v4*c1^2 - 128*v2*v3^2*v4*c1^2 - 256*v2*v4^3*c1^2
    -64*v1^2*v2*v4*c1^2 - 128*v2^3*v4*c1^2 - 64*v2*v3^2*v4*c1^2 - 128*v2*v4^3*c1^2
    -256*v1^2*v2*v4*c1^2 - 64*v2^3*v4*c1^2 - 64*v2*v3^2*v4*c1^2 - 128*v2*v4^3*c1^2
    -32*v1^4*c1^2 - 32*v1^2*v2^2*c1^2 - 32*v1^2*v3^2*c1^2 - 192*v1^2*v4^2*c1^2 - 32*v2^2*v4^2*c1^2 - 32*v3^2*v4^2*c1^2 - 32*v4^4*c1^2
    -320*v1^2*v2*v4*c1^2 - 128*v2^3*v4*c1^2 - 320*v2*v3^2*v4*c1^2 - 256*v2*v4^3*c1^2
    -128*v1^2*v2*v4*c1^2 - 192*v2^3*v4*c1^2 - 320*v2*v3^2*v4*c1^2 - 256*v2*v4^3*c1^2
    -64*v1^2*v2*v4*c1^2 - 64*v2^3*v4*c1^2 - 256*v2*v3^2*v4*c1^2 - 128*v2*v4^3*c1^2
    -64*v3*v4*c0^2 + 128*v3*v4*b0*c1
    -128*v1^3*v4*c1^2 - 64*v1*v2^2*v4*c1^2 - 64*v1*v3^2*v4*c1^2 - 128*v1*v4^3*c1^2
    -192*v1^3*v4*c1^2 - 320*v1*v2^2*v4*c1^2 - 128*v1*v3^2*v4*c1^2 - 256*v1*v4^3*c1^2
    -64*v1^3*v4*c1^2 - 256*v1*v2^2*v4*c1^2 - 64*v1*v3^2*v4*c1^2 - 128*v1*v4^3*c1^2
    -32*v1^2*v2^2*c1^2 - 32*v2^4*c1^2 - 32*v1^2*v3^2*c1^2 - 64*v2^2*v3^2*c1^2 - 32*v3^4*c1^2 - 64*v1^2*v4^2*c1^2 - 224*v2^2*v4^2*c1^2 - 224*v3^2*v4^2*c1^2 - 64*v4^4*c1^2
    -192*v1^3*v4*c1^2 - 128*v1*v2^2*v4*c1^2 - 320*v1*v3^2*v4*c1^2 - 256*v1*v4^3*c1^2
    -128*v1^3*v4*c1^2 - 320*v1*v2^2*v4*c1^2 - 320*v1*v3^2*v4*c1^2 - 256*v1*v4^3*c1^2
    -64*v1^3*v4*c1^2 - 64*v1*v2^2*v4*c1^2 - 256*v1*v3^2*v4*c1^2 - 128*v1*v4^3*c1^2
    -256*v1^2*v3*v4*c1^2 - 64*v2^2*v3*v4*c1^2 - 64*v3^3*v4*c1^2 - 128*v3*v4^3*c1^2
    -320*v1^2*v3*v4*c1^2 - 320*v2^2*v3*v4*c1^2 - 128*v3^3*v4*c1^2 - 256*v3*v4^3*c1^2
    -64*v1^2*v3*v4*c1^2 - 256*v2^2*v3*v4*c1^2 - 64*v3^3*v4*c1^2 - 128*v3*v4^3*c1^2
    -320*v1^2*v3*v4*c1^2 - 128*v2^2*v3*v4*c1^2 - 192*v3^3*v4*c1^2 - 256*v3*v4^3*c1^2
    -128*v1^2*v3*v4*c1^2 - 320*v2^2*v3*v4*c1^2 - 192*v3^3*v4*c1^2 - 256*v3*v4^3*c1^2
    -64*v1^2*v3*v4*c1^2 - 64*v2^2*v3*v4*c1^2 - 128*v3^3*v4*c1^2 - 128*v3*v4^3*c1^2
    -192*v1^2*v4*c0*c1 - 64*v2^2*v4*c0*c1 - 64*v3^2*v4*c0*c1 - 64*v4^3*c0*c1
    -256*v1^2*v4*c0*c1 - 256*v2^2*v4*c0*c1 - 128*v3^2*v4*c0*c1 - 128*v4^3*c0*c1
    -64*v1^2*v4*c0*c1 - 192*v2^2*v4*c0*c1 - 64*v3^2*v4*c0*c1 - 64*v4^3*c0*c1
    -256*v1^2*v4*c0*c1 - 128*v2^2*v4*c0*c1 - 256*v3^2*v4*c0*c1 - 128*v4^3*c0*c1
    -64*v1^2*v2*c0*c1 - 64*v2^3*c0*c1 - 64*v2*v3^2*c0*c1 - 192*v2*v4^2*c0*c1
    -128*v1^2*v4*c0*c1 - 256*v2^2*v4*c0*c1 - 256*v3^2*v4*c0*c1 - 128*v4^3*c0*c1
    -64*v1^2*v4*c0*c1 - 64*v2^2*v4*c0*c1 - 192*v3^2*v4*c0*c1 - 64*v4^3*c0*c1
    -256*v1*v2*v4*c0*c1
    -256*v1*v3*v4*c0*c1
    -64*v1*v4*c0^2 + 128*v1*v4*b0*c1
    -64*v1^3*c0*c1 - 64*v1*v2^2*c0*c1 - 64*v1*v3^2*c0*c1 - 192*v1*v4^2*c0*c1
   V: Ideal (v4*c0 - b0, c1, b1, a1, a0, v3, v2, v1, E + 1/2) of Multivariate Polynomial Ring in x, y, z, DDPsi, DPsi, Psi, v, r, E, v1, v2, v3, v4, a0, a1, b0, b1, c0, c1 over Rational Field 

--- cell 28: zero {a0, a1, b0, b1}; ansatz 9 eqs; 1 param-ineqs, 0 jet-ineqs; TRIVIAL (Psi==0 forced) ---
  system of equations:
   V: Ideal (b1, b0, a1, a0) of Multivariate Polynomial Ring in x, y, z, DDPsi, DPsi, Psi, v, r, E, v1, v2, v3, v4, a0, a1, b0, b1, c0, c1 over Rational Field    [trivial Psi==0]

--- cell 29: zero {a0, a1, b0, b1, c0, c1}; ansatz 8 eqs; 2 param-ineqs, 1 jet-ineqs; nontrivial ---
  system of equations:
    -64
    -64*v1*v4
    -64*v3*v4
    -32*v1^2 - 32*v2^2 - 32*v3^2 - 32*v4^2
    -64*v4
    -64*v2*v4
    -64*E
  surviving solution varieties: NONE (all pruned by inequations / empty)

========================================================================

NONTRIVIAL solution varieties over all cells (8 distinct primes):

  V: Ideal (-b1*c0 + b0*c1, v4*c1 - b1, v4*c0 - b0, a1, a0, v3, v2, v1, E + 1/2) of Multivariate Polynomial Ring in x, y, z, DDPsi, DPsi, Psi, v, r, E, v1, v2, v3, v4, a0, a1, b0, b1, c0, c1 over Rational Field
       (from cells: 26)
  V: Ideal (v4*c0 - b0, E*c0 - v4*c1, -v4^2*c1 + E*b0, b1, a1 - 1/2*b0, a0, v3, v2, v1) of Multivariate Polynomial Ring in x, y, z, DDPsi, DPsi, Psi, v, r, E, v1, v2, v3, v4, a0, a1, b0, b1, c0, c1 over Rational Field
       (from cells: 1)
  V: Ideal (c0^2 + 4*b0*c1, 4*v4*c1 + c0, v4*c0 - b0, b1 + 1/2*c0, a1, a0, v3, v2, v1, E + 1/8) of Multivariate Polynomial Ring in x, y, z, DDPsi, DPsi, Psi, v, r, E, v1, v2, v3, v4, a0, a1, b0, b1, c0, c1 over Rational Field
       (from cells: 26)
  V: Ideal (v4*c0 - b0, c1, b1, a1, a0, v3, v2, v1, E + 1/2) of Multivariate Polynomial Ring in x, y, z, DDPsi, DPsi, Psi, v, r, E, v1, v2, v3, v4, a0, a1, b0, b1, c0, c1 over Rational Field
       (from cells: 27)
  V: Ideal (v4*c0 - b0, v1^2 + v2^2 + v3^2 - v4^2, c1, b1, a1 - b0, a0, E) of Multivariate Polynomial Ring in x, y, z, DDPsi, DPsi, Psi, v, r, E, v1, v2, v3, v4, a0, a1, b0, b1, c0, c1 over Rational Field
       (from cells: 1)
  V: Ideal (c1, c0, b0, a1, a0, v4, v3, v2, v1) of Multivariate Polynomial Ring in x, y, z, DDPsi, DPsi, Psi, v, r, E, v1, v2, v3, v4, a0, a1, b0, b1, c0, c1 over Rational Field
       (from cells: 16)
  V: Ideal (c0, b0, a1, a0, v4, v3, v2, v1) of Multivariate Polynomial Ring in x, y, z, DDPsi, DPsi, Psi, v, r, E, v1, v2, v3, v4, a0, a1, b0, b1, c0, c1 over Rational Field
       (from cells: 15)
  V: Ideal (b0, a1, a0, v4, v3, v2, v1) of Multivariate Polynomial Ring in x, y, z, DDPsi, DPsi, Psi, v, r, E, v1, v2, v3, v4, a0, a1, b0, b1, c0, c1 over Rational Field
       (from cells: 14)

------------------------------------------------------------------------

TRIVIAL (Psi==0) strata over all cells (4 distinct primes):

  V: Ideal (b1, b0, a1, a0) of Multivariate Polynomial Ring in x, y, z, DDPsi, DPsi, Psi, v, r, E, v1, v2, v3, v4, a0, a1, b0, b1, c0, c1 over Rational Field
       (from cells: 28)
  V: Ideal (c0, b1, b0, a1, a0, v4, v3, v2, v1) of Multivariate Polynomial Ring in x, y, z, DDPsi, DPsi, Psi, v, r, E, v1, v2, v3, v4, a0, a1, b0, b1, c0, c1 over Rational Field
       (from cells: 20)
  V: Ideal (b1, b0, a1, a0, v4, v3, v2, v1) of Multivariate Polynomial Ring in x, y, z, DDPsi, DPsi, Psi, v, r, E, v1, v2, v3, v4, a0, a1, b0, b1, c0, c1 over Rational Field
       (from cells: 18, 19)
  V: Ideal (b1, b0, a1, a0, v4) of Multivariate Polynomial Ring in x, y, z, DDPsi, DPsi, Psi, v, r, E, v1, v2, v3, v4, a0, a1, b0, b1, c0, c1 over Rational Field
       (from cells: 17)
