PDE: -E*Psi*r + (-0.5*Psi[x, x] - 0.5*Psi[y, y] - 0.5*Psi[z, z])*r - Psi

Ansatz:
Psi[x] - v[x]*DPsi
Psi[y] - v[y]*DPsi
Psi[z] - v[z]*DPsi
DPsi[x] - v[x]*DDPsi
DPsi[y] - v[y]*DDPsi
DPsi[z] - v[z]*DDPsi
a0*DDPsi + a1*DDPsi*v + b0*DPsi + b1*DPsi*v + c0*Psi + c1*Psi*v
-v1*x - v2*y - v3*z - v4*r + v
-x**2 - y**2 - z**2 + r**2

Remainder: (64*x**2 + 64*y**2 + 64*z**2)*(-2*E*a0*Psi*r - 2*E*a1*v1*x*Psi*r - 2*E*a1*v2*y*Psi*r - 2*E*a1*v3*z*Psi*r - 2*E*a1*v4*x**2*Psi - 2*E*a1*v4*y**2*Psi - 2*E*a1*v4*z**2*Psi - 2*a0*v4*DPsi - 2*a0*Psi - 2*a1*v1*v4*x*DPsi - 2*a1*v1*x*Psi - 2*a1*v2*v4*y*DPsi - 2*a1*v2*y*Psi - 2*a1*v3*v4*z*DPsi - 2*a1*v3*z*Psi - 2*a1*v4**2*DPsi*r - 2*a1*v4*Psi*r + b0*v1**2*DPsi*r + 2*b0*v1*v4*x*DPsi + b0*v2**2*DPsi*r + 2*b0*v2*v4*y*DPsi + b0*v3**2*DPsi*r + 2*b0*v3*v4*z*DPsi + b0*v4**2*DPsi*r + b1*v1**3*x*DPsi*r + b1*v1**2*v2*y*DPsi*r + b1*v1**2*v3*z*DPsi*r + 3*b1*v1**2*v4*x**2*DPsi + b1*v1**2*v4*y**2*DPsi + b1*v1**2*v4*z**2*DPsi + b1*v1*v2**2*x*DPsi*r + 4*b1*v1*v2*v4*x*y*DPsi + b1*v1*v3**2*x*DPsi*r + 4*b1*v1*v3*v4*x*z*DPsi + 3*b1*v1*v4**2*x*DPsi*r + b1*v2**3*y*DPsi*r + b1*v2**2*v3*z*DPsi*r + b1*v2**2*v4*x**2*DPsi + 3*b1*v2**2*v4*y**2*DPsi + b1*v2**2*v4*z**2*DPsi + b1*v2*v3**2*y*DPsi*r + 4*b1*v2*v3*v4*y*z*DPsi + 3*b1*v2*v4**2*y*DPsi*r + b1*v3**3*z*DPsi*r + b1*v3**2*v4*x**2*DPsi + b1*v3**2*v4*y**2*DPsi + 3*b1*v3**2*v4*z**2*DPsi + 3*b1*v3*v4**2*z*DPsi*r + b1*v4**3*x**2*DPsi + b1*v4**3*y**2*DPsi + b1*v4**3*z**2*DPsi + c0*v1**2*Psi*r + 2*c0*v1*v4*x*Psi + c0*v2**2*Psi*r + 2*c0*v2*v4*y*Psi + c0*v3**2*Psi*r + 2*c0*v3*v4*z*Psi + c0*v4**2*Psi*r + c1*v1**3*x*Psi*r + c1*v1**2*v2*y*Psi*r + c1*v1**2*v3*z*Psi*r + 3*c1*v1**2*v4*x**2*Psi + c1*v1**2*v4*y**2*Psi + c1*v1**2*v4*z**2*Psi + c1*v1*v2**2*x*Psi*r + 4*c1*v1*v2*v4*x*y*Psi + c1*v1*v3**2*x*Psi*r + 4*c1*v1*v3*v4*x*z*Psi + 3*c1*v1*v4**2*x*Psi*r + c1*v2**3*y*Psi*r + c1*v2**2*v3*z*Psi*r + c1*v2**2*v4*x**2*Psi + 3*c1*v2**2*v4*y**2*Psi + c1*v2**2*v4*z**2*Psi + c1*v2*v3**2*y*Psi*r + 4*c1*v2*v3*v4*y*z*Psi + 3*c1*v2*v4**2*y*Psi*r + c1*v3**3*z*Psi*r + c1*v3**2*v4*x**2*Psi + c1*v3**2*v4*y**2*Psi + 3*c1*v3**2*v4*z**2*Psi + 3*c1*v3*v4**2*z*Psi*r + c1*v4**3*x**2*Psi + c1*v4**3*y**2*Psi + c1*v4**3*z**2*Psi)/2

System of equations:
32*v1^3*b1 + 32*v1*v2^2*b1 + 32*v1*v3^2*b1 + 96*v1*v4^2*b1
96*v1^2*v4*b1 + 32*v2^2*v4*b1 + 32*v3^2*v4*b1 + 32*v4^3*b1
32*v1^2*v4*b1 + 96*v2^2*v4*b1 + 32*v3^2*v4*b1 + 32*v4^3*b1
32*v1^2*v4*b1 + 32*v2^2*v4*b1 + 96*v3^2*v4*b1 + 32*v4^3*b1
64*v3*v4*c0 - 64*v3*a1
128*v1*v3*v4*c1
-64*a0
-64*v3*v4*a1 + 64*v3*v4*b0
32*v1^2*v2*c1 + 32*v2^3*c1 + 32*v2*v3^2*c1 + 96*v2*v4^2*c1 - 64*E*v2*a1
-64*v1*v4*a1 + 64*v1*v4*b0
128*v1*v2*v4*b1
-64*v4^2*a1 + 32*v1^2*b0 + 32*v2^2*b0 + 32*v3^2*b0 + 32*v4^2*b0
128*v1*v3*v4*b1
64*v1*v4*c0 - 64*v1*a1
32*v1^2*v2*b1 + 32*v2^3*b1 + 32*v2*v3^2*b1 + 96*v2*v4^2*b1
-64*v2*v4*a1 + 64*v2*v4*b0
32*v1^2*v3*b1 + 32*v2^2*v3*b1 + 32*v3^3*b1 + 96*v3*v4^2*b1
32*v1^3*c1 + 32*v1*v2^2*c1 + 32*v1*v3^2*c1 + 96*v1*v4^2*c1 - 64*E*v1*a1
128*v1^2*v4*b1 + 128*v2^2*v4*b1 + 64*v3^2*v4*b1 + 64*v4^3*b1
128*v1^2*v4*b1 + 64*v2^2*v4*b1 + 128*v3^2*v4*b1 + 64*v4^3*b1
64*v1^2*v4*b1 + 128*v2^2*v4*b1 + 128*v3^2*v4*b1 + 64*v4^3*b1
-64*v4*a0
32*v1^2*v3*c1 + 32*v2^2*v3*c1 + 32*v3^3*c1 + 96*v3*v4^2*c1 - 64*E*v3*a1
64*v2*v4*c0 - 64*v2*a1
96*v1^2*v4*c1 + 32*v2^2*v4*c1 + 32*v3^2*v4*c1 + 32*v4^3*c1 - 64*E*v4*a1
128*v1^2*v4*c1 + 128*v2^2*v4*c1 + 64*v3^2*v4*c1 + 64*v4^3*c1 - 128*E*v4*a1
32*v1^2*v4*c1 + 96*v2^2*v4*c1 + 32*v3^2*v4*c1 + 32*v4^3*c1 - 64*E*v4*a1
128*v1^2*v4*c1 + 64*v2^2*v4*c1 + 128*v3^2*v4*c1 + 64*v4^3*c1 - 128*E*v4*a1
64*v1^2*v4*c1 + 128*v2^2*v4*c1 + 128*v3^2*v4*c1 + 64*v4^3*c1 - 128*E*v4*a1
32*v1^2*v4*c1 + 32*v2^2*v4*c1 + 96*v3^2*v4*c1 + 32*v4^3*c1 - 64*E*v4*a1
128*v2*v3*v4*b1
128*v2*v3*v4*c1
32*v1^2*c0 + 32*v2^2*c0 + 32*v3^2*c0 + 32*v4^2*c0 - 64*E*a0 - 64*v4*a1
128*v1*v2*v4*c1

Minimal associated prime ideals:
Ideal (a0, v4, v3, v2, v1) of Multivariate Polynomial Ring in x, y, z, DDPsi, DPsi, Psi, v, r, E, v1, v2, v3, v4, a0, a1, b0, b1, c0, c1 over Rational Field
Ideal (c1, c0, b1, b0, a1, a0) of Multivariate Polynomial Ring in x, y, z, DDPsi, DPsi, Psi, v, r, E, v1, v2, v3, v4, a0, a1, b0, b1, c0, c1 over Rational Field
Ideal (v1^2 + v2^2 + v3^2, a1, a0, v4) of Multivariate Polynomial Ring in x, y, z, DDPsi, DPsi, Psi, v, r, E, v1, v2, v3, v4, a0, a1, b0, b1, c0, c1 over Rational Field
Ideal (v4*c0 - b0, E*c0 - v4*c1, -v4^2*c1 + E*b0, b1, a1 - 1/2*b0, a0, v3, v2, v1) of Multivariate Polynomial Ring in x, y, z, DDPsi, DPsi, Psi, v, r, E, v1, v2, v3, v4, a0, a1, b0, b1, c0, c1 over Rational Field
Ideal (v4*c0 - b0, v1^2 + v2^2 + v3^2 - v4^2, c1, b1, a1 - b0, a0, E) of Multivariate Polynomial Ring in x, y, z, DDPsi, DPsi, Psi, v, r, E, v1, v2, v3, v4, a0, a1, b0, b1, c0, c1 over Rational Field
